// Jest Snapshot v1, https://goo.gl/fbAQLP

exports[`App renders properly 1`] = `
ShallowWrapper {
  "length": 1,
  Symbol(enzyme.__root__): [Circular],
  Symbol(enzyme.__unrendered__): <App />,
  Symbol(enzyme.__renderer__): Object {
    "batchedUpdates": [Function],
    "getNode": [Function],
    "render": [Function],
    "simulateEvent": [Function],
    "unmount": [Function],
  },
  Symbol(enzyme.__node__): Object {
    "instance": null,
    "key": undefined,
    "nodeType": "host",
    "props": Object {
      "children": Array [
        <h2
          className="display-1"
>
          Welcome to Jeopardy
</h2>,
        <Button
          className="btn-get-categories"
          color="secondary"
          tag="button"
>
          Get Jeopardy Categories
</Button>,
      ],
    },
    "ref": null,
    "rendered": Array [
      Object {
        "instance": null,
        "key": undefined,
        "nodeType": "host",
        "props": Object {
          "children": "Welcome to Jeopardy",
          "className": "display-1",
        },
        "ref": null,
        "rendered": "Welcome to Jeopardy",
        "type": "h2",
      },
      Object {
        "instance": null,
        "key": undefined,
        "nodeType": "class",
        "props": Object {
          "children": "Get Jeopardy Categories",
          "className": "btn-get-categories",
          "color": "secondary",
          "tag": "button",
        },
        "ref": null,
        "rendered": "Get Jeopardy Categories",
        "type": [Function],
      },
    ],
    "type": "div",
  },
  Symbol(enzyme.__nodes__): Array [
    Object {
      "instance": null,
      "key": undefined,
      "nodeType": "host",
      "props": Object {
        "children": Array [
          <h2
            className="display-1"
>
            Welcome to Jeopardy
</h2>,
          <Button
            className="btn-get-categories"
            color="secondary"
            tag="button"
>
            Get Jeopardy Categories
</Button>,
        ],
      },
      "ref": null,
      "rendered": Array [
        Object {
          "instance": null,
          "key": undefined,
          "nodeType": "host",
          "props": Object {
            "children": "Welcome to Jeopardy",
            "className": "display-1",
          },
          "ref": null,
          "rendered": "Welcome to Jeopardy",
          "type": "h2",
        },
        Object {
          "instance": null,
          "key": undefined,
          "nodeType": "class",
          "props": Object {
            "children": "Get Jeopardy Categories",
            "className": "btn-get-categories",
            "color": "secondary",
            "tag": "button",
          },
          "ref": null,
          "rendered": "Get Jeopardy Categories",
          "type": [Function],
        },
      ],
      "type": "div",
    },
  ],
  Symbol(enzyme.__options__): Object {
    "adapter": ReactSixteenAdapter {
      "options": Object {
        "enableComponentDidUpdateOnSetState": true,
      },
    },
    "disableLifecycleMethods": true,
  },
}
`;
